---
source: src/postcode_api/api_client.rs
expression: result

---
{
  "status": 200,
  "result": [
    {
      "query": "OX49 5NU",
      "result": {
        "postcode": "OX49 5NU",
        "longitude": -1.069752,
        "latitude": 51.655929
      }
    },
    {
      "query": "M32 0JG",
      "result": {
        "postcode": "M32 0JG",
        "longitude": -2.302836,
        "latitude": 53.455654
      }
    },
    {
      "query": "NE30 1DP",
      "result": {
        "postcode": "NE30 1DP",
        "longitude": -1.439269,
        "latitude": 55.011303
      }
    }
  ]
}
